// Jest Snapshot v1, https://goo.gl/fbAQLP

exports[`Choose specialist modal fragment snapshots should match latest render snapshot 1`] = `<DocumentFragment />`;
